Microchip MPLAB XC8 Compiler V2.36

Linker command line:

-W-3 --edf=C:\Program Files\Microchip\xc8\v2.36\pic\dat\en_msgs.txt -cn \
  -h+dist/default/production\XC8-18F25K83_Lab006_ADC_Voltage_Meter.X.production.sym \
  --cmf=dist/default/production\XC8-18F25K83_Lab006_ADC_Voltage_Meter.X.production.cmf \
  -z -Q18F25K83 -oC:\Users\mrchu\AppData\Local\Temp\xcAsirk.4 \
  --defsym=__MPLAB_BUILD=1 \
  -Mdist/default/production/XC8-18F25K83_Lab006_ADC_Voltage_Meter.X.production.map \
  --md=C:\Users\mrchu\AppData\Local\Temp\xcAsirk.dat -E1 -ver=XC8 Compiler \
  --acfsm=1493 -ACODE=00h-07FFFh -ACONST=00h-07FFFh \
  -ASMALLCONST=0800h-08FFhx120 -AMEDIUMCONST=0800h-07FFFh -ACOMRAM=01h-05Fh \
  -AABS1=00h-07FFh -ABIGRAM=01h-07FFh -ARAM=060h-0FFh,0100h-01FFhx7 \
  -ABANK0=060h-0FFh -ABANK1=0100h-01FFh -ABANK2=0200h-02FFh \
  -ABANK3=0300h-03FFh -ABANK4=0400h-04FFh -ABANK5=0500h-05FFh \
  -ABANK6=0600h-06FFh -ABANK7=0700h-07FFh \
  -ASFR=03700h-037FFhx8,03F00h-03F5Fh,03F60h-03FFFh -ABIGSFR=03700h-03FFFh \
  -ACONFIG=0300000h-0300009h -AIDLOC=0200000h-020000Fh \
  -AEEDATA=0310000h-03103FFh -peeprom_data=EEDATA -preset_vec=00h \
  -ppowerup=CODE,init -pramtop=0800h -psmallconst=SMALLCONST \
  -pmediumconst=MEDIUMCONST -pconst=CONST -AFARRAM=00h-00h \
  -prdata=COMRAM,nvrram=COMRAM,nvbit=COMRAM,rbss=COMRAM,rbit=COMRAM \
  -pfarbss=FARRAM,fardata=FARRAM,nvFARRAM=FARRAM \
  -pintsave_regs=BIGRAM,bigbss=BIGRAM,bigdata=BIGRAM -pbss=RAM \
  -pidata=CODE,irdata=CODE,ibigdata=CODE,ifardata=CODE -prparam=COMRAM \
  C:\Users\mrchu\AppData\Local\Temp\xcAsirk.o \
  dist/default/production\XC8-18F25K83_Lab006_ADC_Voltage_Meter.X.production.o 

Object code version is 3.11

Machine type is 18F25K83



                Name                               Link     Load   Length Selector   Space Scale
C:\Users\mrchu\AppData\Local\Temp\xcAsirk.o
                idloc                            200000   200000       10        0       5
                config                           300000   300000        A        0       4
                init                               7FFC     7FFC        4     3FFE       0
                reset_vec                             0        0        4        0       0
dist/default/production\XC8-18F25K83_Lab006_ADC_Voltage_Meter.X.production.o
                idloc                            200000   200000       10        0       5
                config                           300000   300000        A        0       4
                smallconst                          800      800       E6      400       0
                text25                             219A     219A       3A      473       0
                text24                             16EC     16EC      158      473       0
                text23                             1DC4     1DC4       70      473       0
                text22                             2118     2118       44      473       0
                text21                             215C     215C       3E      473       0
                text20                             1174     1174      1EA      473       0
                text19                             1A50     1A50      104      473       0
                text18                              8E6      8E6      44E      473       0
                text17                             194A     194A      106      473       0
                text16                             1C24     1C24       A4      473       0
                text15                             1CC8     1CC8       88      473       0
                text14                             1E34     1E34       6A      473       0
                text13                             1538     1538      1B4      473       0
                text12                              D34      D34      440      473       0
                text11                             135E     135E      1DA      473       0
                text10                             20D2     20D2       46      473       0
                text9                              1F62     1F62       5E      473       0
                text8                              1B54     1B54       D0      473       0
                text7                              1F04     1F04       5E      473       0
                text6                              1E9E     1E9E       66      473       0
                text5                              201C     201C       5C      473       0
                text4                              21D4     21D4       34      473       0
                text3                              2230     2230       18      473       0
                text2                              2248     2248        E      473       0
                text1                              1D50     1D50       74      473       0
                text0                              1844     1844      106      473       0
                cstackCOMRAM                          1        1       5E        1       1
                dataBANK1                           100      100       28      100       1
                dataBANK0                            60       60       5A       60       1
                bssBANK0                             BA       BA       28       60       1
                bssCOMRAM                            5F       5F        1        1       1
                cinit                              1FC0     1FC0       5C      473       0
                idataBANK1                         2208     2208       28      473       0
                idataBANK0                         2078     2078       5A      473       0

TOTAL           Name                               Link     Load   Length     Space
        CLASS   CODE           
                init                               7FFC     7FFC        4         0
                reset_vec                             0        0        4         0
                text25                             219A     219A       3A         0
                text24                             16EC     16EC      158         0
                text23                             1DC4     1DC4       70         0
                text22                             2118     2118       44         0
                text21                             215C     215C       3E         0
                text20                             1174     1174      1EA         0
                text19                             1A50     1A50      104         0
                text18                              8E6      8E6      44E         0
                text17                             194A     194A      106         0
                text16                             1C24     1C24       A4         0
                text15                             1CC8     1CC8       88         0
                text14                             1E34     1E34       6A         0
                text13                             1538     1538      1B4         0
                text12                              D34      D34      440         0
                text11                             135E     135E      1DA         0
                text10                             20D2     20D2       46         0
                text9                              1F62     1F62       5E         0
                text8                              1B54     1B54       D0         0
                text7                              1F04     1F04       5E         0
                text6                              1E9E     1E9E       66         0
                text5                              201C     201C       5C         0
                text4                              21D4     21D4       34         0
                text3                              2230     2230       18         0
                text2                              2248     2248        E         0
                text1                              1D50     1D50       74         0
                text0                              1844     1844      106         0
                cinit                              1FC0     1FC0       5C         0
                idataBANK1                         2208     2208       28         0
                idataBANK0                         2078     2078       5A         0

        CLASS   CONST          

        CLASS   SMALLCONST     
                smallconst                          800      800       E6         0

        CLASS   MEDIUMCONST    

        CLASS   COMRAM         
                cstackCOMRAM                          1        1       5E         1
                bssCOMRAM                            5F       5F        1         1

        CLASS   ABS1           

        CLASS   BIGRAM         

        CLASS   RAM            

        CLASS   BANK0          
                dataBANK0                            60       60       5A         1
                bssBANK0                             BA       BA       28         1

        CLASS   BANK1          
                dataBANK1                           100      100       28         1

        CLASS   BANK2          

        CLASS   BANK3          

        CLASS   BANK4          

        CLASS   BANK5          

        CLASS   BANK6          

        CLASS   BANK7          

        CLASS   SFR            

        CLASS   BIGSFR         

        CLASS   CONFIG         
                config                           300000   300000        A         4

        CLASS   IDLOC          
                idloc                            200000   200000       10         5

        CLASS   EEDATA         

        CLASS   FARRAM         

        CLASS   HEAP           

        CLASS   STACK          



SEGMENTS        Name                           Load    Length   Top    Selector   Space  Class

                reset_vec                      000000  000004  000004         0       0  CODE    
                cstackCOMRAM                   000001  00005F  000060         1       1  COMRAM  
                dataBANK0                      000060  000082  0000E2        60       1  BANK0   
                dataBANK1                      000100  000028  000128       100       1  BANK1   
                smallconst                     000800  0000E6  0008E6       400       0  SMALLCON
                text18                         0008E6  001970  002256       473       0  CODE    
                init                           007FFC  000004  008000      3FFE       0  CODE    


UNUSED ADDRESS RANGES

        Name                Unused          Largest block    Delta
        BANK0            0000E2-0000FF               1E
        BANK1            000128-0001FF               D8
        BANK2            000200-0002FF              100
        BANK3            000300-0003FF              100
        BANK4            000400-0004FF              100
        BANK5            000500-0005FF              100
        BANK6            000600-0006FF              100
        BANK7            000700-0007FF              100
        BIGRAM           0000E2-0000FF               1E
                         000128-0007FF              6D8
        BIGSFR           003700-003FFF              900
        CODE             000004-0007FF              7FC
                         002256-007FFB             5DA6
        CONST            000004-0007FF              7FC
                         002256-007FFB             5DA6
        EEDATA           310000-3103FF              400
        MEDIUMCONST      002256-007FFB             5DA6
        RAM              0000E2-0000FF               1E
                         000128-0007FF              100
        SFR              003700-003FFF              100
        SMALLCONST       002256-007FFB              100

                                  Symbol Table

?_ADC_GetSingleConversion                 cstackCOMRAM 000001
?___flmul                                 cstackCOMRAM 00000F
?___fltol                                 cstackCOMRAM 000028
?___lldiv                                 cstackCOMRAM 000001
?___llmod                                 cstackCOMRAM 000001
?___lmul                                  cstackCOMRAM 000001
?___lwdiv                                 cstackCOMRAM 000001
?___xxtofl                                cstackCOMRAM 000001
ADC_GetSingleConversion@channel           cstackCOMRAM 000005
DISPLAY_ShowFloatValue@count              cstackCOMRAM 000045
DISPLAY_ShowFloatValue@current_col        cstackCOMRAM 00005C
DISPLAY_ShowFloatValue@digit_index        cstackCOMRAM 00005A
DISPLAY_ShowFloatValue@digit_value        cstackCOMRAM 000053
DISPLAY_ShowFloatValue@digits             cstackCOMRAM 00003E
DISPLAY_ShowFloatValue@drawing_active     cstackCOMRAM 000044
DISPLAY_ShowFloatValue@i                  cstackCOMRAM 000046
DISPLAY_ShowFloatValue@i_333              cstackCOMRAM 000056
DISPLAY_ShowFloatValue@j                  cstackCOMRAM 000058
DISPLAY_ShowFloatValue@num_decimal_digits cstackCOMRAM 000055
DISPLAY_ShowFloatValue@num_integer_digits cstackCOMRAM 000054
DISPLAY_ShowFloatValue@scale_factor       cstackCOMRAM 000047
DISPLAY_ShowFloatValue@scaled_value       cstackCOMRAM 00004F
DISPLAY_ShowFloatValue@start_col          cstackCOMRAM 000037
DISPLAY_ShowFloatValue@start_row          cstackCOMRAM 000036
DISPLAY_ShowFloatValue@temp               cstackCOMRAM 00004B
DISPLAY_ShowFloatValue@units_index        cstackCOMRAM 00005B
DISPLAY_ShowFloatValue@value              cstackCOMRAM 000032
LCD_Command@cmd                           cstackCOMRAM 000012
LCD_DrawBigDigit@digit                    cstackCOMRAM 000017
LCD_DrawBigDigit@xpos                     cstackCOMRAM 000013
LCD_DrawBigDigit@ypos                     cstackCOMRAM 000014
LCD_Init@cmd                              cstackCOMRAM 00002A
LCD_Init@display                          cstackCOMRAM 000013
LCD_Out@c                                 cstackCOMRAM 00000A
LCD_SetFont@FONT                          cstackCOMRAM 000022
LCD_SetFont@buffer                        cstackCOMRAM 00001A
LCD_SetFont@char_data                     cstackCOMRAM 000023
LCD_SetFont@i                             cstackCOMRAM 000025
LCD_Write@data                            cstackCOMRAM 00000E
LCD_createChar@charmap                    cstackCOMRAM 000013
LCD_createChar@i                          cstackCOMRAM 000017
LCD_createChar@location                   cstackCOMRAM 000016
LCD_putc@c                                cstackCOMRAM 000011
LCD_puts@a                                cstackCOMRAM 000012
LCD_puts@i                                cstackCOMRAM 000016
_ADACCU                                   (abs)        003EEA
_ADACQH                                   (abs)        003EF4
_ADACQL                                   (abs)        003EF3
_ADACT                                    (abs)        003EFE
_ADCAP                                    (abs)        003EF5
_ADCLK                                    (abs)        003EFF
_ADCON0                                   (abs)        003EF8
_ADCON0bits                               (abs)        003EF8
_ADCON1                                   (abs)        003EF9
_ADCON2                                   (abs)        003EFA
_ADCON3                                   (abs)        003EFB
_ADC_GetSingleConversion                  text25       00219A
_ADC_Initialize                           text5        00201C
_ADLTHH                                   (abs)        003EDF
_ADLTHL                                   (abs)        003EDE
_ADPCH                                    (abs)        003EF1
_ADPREH                                   (abs)        003EF7
_ADPREL                                   (abs)        003EF6
_ADREF                                    (abs)        003EFD
_ADRESH                                   (abs)        003EF0
_ADRESL                                   (abs)        003EEF
_ADRPT                                    (abs)        003EEC
_ADSTAT                                   (abs)        003EFC
_ADSTPTH                                  (abs)        003EE5
_ADSTPTL                                  (abs)        003EE4
_ADUTHH                                   (abs)        003EE1
_ADUTHL                                   (abs)        003EE0
_ANSELA                                   (abs)        003A40
_ANSELB                                   (abs)        003A50
_ANSELC                                   (abs)        003A60
_DISPLAY_ShowFloatValue                   text12       000D34
_LATA                                     (abs)        003FBA
_LATB                                     (abs)        003FBB
_LATC                                     (abs)        003FBC
_LCD                                      dataBANK0    000060
_LCD_Command                              text22       002118
_LCD_DrawBigDigit                         text20       001174
_LCD_Init                                 text11       00135E
_LCD_Initialize                           text6        001E9E
_LCD_Out                                  text24       0016EC
_LCD_SetFont                              text8        001B54
_LCD_Write                                text23       001DC4
_LCD_createChar                           text10       0020D2
_LCD_putc                                 text21       00215C
_LCD_puts                                 text7        001F04
_LCDisplay                                bssBANK0     0000C9
_MCU_Initialize                           text4        0021D4
_OSCCON1                                  (abs)        0039D9
_OSCCON3                                  (abs)        0039DB
_OSCEN                                    (abs)        0039DD
_OSCFRQ                                   (abs)        0039DF
_OSCILLATOR_Initialize                    text3        002230
_OSCTUNE                                  (abs)        0039DE
_PORTA                                    (abs)        003FCA
_PORTB                                    (abs)        003FCB
_PORTC                                    (abs)        003FCC
_SYSTEM_Initialize                        text2        002248
_TRISA                                    (abs)        003FC2
_TRISB                                    (abs)        003FC3
_TRISC                                    (abs)        003FC4
__HRAM                                    (abs)        000000
__Habs1                                   abs1         000000
__Hbank0                                  bank0        000000
__Hbank1                                  bank1        000000
__Hbank2                                  bank2        000000
__Hbank3                                  bank3        000000
__Hbank4                                  bank4        000000
__Hbank5                                  bank5        000000
__Hbank6                                  bank6        000000
__Hbank7                                  bank7        000000
__Hbigbss                                 bigbss       000000
__Hbigdata                                bigdata      000000
__Hbigram                                 bigram       000000
__Hbigsfr                                 bigsfr       000000
__Hbss                                    bss          000000
__HbssBANK0                               bssBANK0     000000
__HbssCOMRAM                              bssCOMRAM    000000
__Hcinit                                  cinit        000000
__Hclrtext                                clrtext      000000
__Hcomram                                 comram       000000
__Hconfig                                 config       30000A
__Hconst                                  const        000000
__HcstackCOMRAM                           cstackCOMRAM 000000
__Hdata                                   data         000000
__HdataBANK0                              dataBANK0    000000
__HdataBANK1                              dataBANK1    000000
__Heeprom_data                            eeprom_data  000000
__Hfarbss                                 farbss       000000
__Hfardata                                fardata      000000
__Hheap                                   heap         000000
__Hibigdata                               ibigdata     000000
__Hidata                                  idata        000000
__HidataBANK0                             idataBANK0   000000
__HidataBANK1                             idataBANK1   000000
__Hidloc                                  idloc        200010
__Hifardata                               ifardata     000000
__Hinit                                   init         008000
__Hintsave_regs                           intsave_regs 000000
__Hirdata                                 irdata       000000
__Hmediumconst                            mediumconst  000000
__HnvFARRAM                               nvFARRAM     000000
__Hnvbit                                  nvbit        000000
__Hnvrram                                 nvrram       000000
__Hparam                                  rparam       000000
__Hpowerup                                powerup      000000
__Hram                                    ram          000000
__Hramtop                                 ramtop       000800
__Hrbit                                   rbit         000000
__Hrbss                                   rbss         000000
__Hrdata                                  rdata        000000
__Hreset_vec                              reset_vec    000004
__Hrparam                                 rparam       000000
__Hsfr                                    sfr          000000
__Hsmallconst                             smallconst   0008E6
__Hspace_0                                (abs)        008000
__Hspace_1                                (abs)        000128
__Hspace_2                                (abs)        000000
__Hspace_4                                (abs)        60000A
__Hstack                                  stack        000000
__Hstruct                                 struct       000000
__Htemp                                   temp         000000
__Htext                                   text         000000
__Htext0                                  text0        000000
__Htext1                                  text1        000000
__Htext10                                 text10       000000
__Htext11                                 text11       000000
__Htext12                                 text12       000000
__Htext13                                 text13       000000
__Htext14                                 text14       000000
__Htext15                                 text15       000000
__Htext16                                 text16       000000
__Htext17                                 text17       000000
__Htext18                                 text18       000000
__Htext19                                 text19       000000
__Htext2                                  text2        000000
__Htext20                                 text20       000000
__Htext21                                 text21       000000
__Htext22                                 text22       000000
__Htext23                                 text23       000000
__Htext24                                 text24       000000
__Htext25                                 text25       000000
__Htext3                                  text3        000000
__Htext4                                  text4        000000
__Htext5                                  text5        000000
__Htext6                                  text6        000000
__Htext7                                  text7        000000
__Htext8                                  text8        000000
__Htext9                                  text9        000000
__LRAM                                    (abs)        000001
__Labs1                                   abs1         000000
__Lbank0                                  bank0        000000
__Lbank1                                  bank1        000000
__Lbank2                                  bank2        000000
__Lbank3                                  bank3        000000
__Lbank4                                  bank4        000000
__Lbank5                                  bank5        000000
__Lbank6                                  bank6        000000
__Lbank7                                  bank7        000000
__Lbigbss                                 bigbss       000000
__Lbigdata                                bigdata      000000
__Lbigram                                 bigram       000000
__Lbigsfr                                 bigsfr       000000
__Lbss                                    bss          000000
__LbssBANK0                               bssBANK0     000000
__LbssCOMRAM                              bssCOMRAM    000000
__Lcinit                                  cinit        000000
__Lclrtext                                clrtext      000000
__Lcomram                                 comram       000000
__Lconfig                                 config       000000
__Lconst                                  const        000000
__LcstackCOMRAM                           cstackCOMRAM 000000
__Ldata                                   data         000000
__LdataBANK0                              dataBANK0    000000
__LdataBANK1                              dataBANK1    000000
__Leeprom_data                            eeprom_data  000000
__Lfarbss                                 farbss       000000
__Lfardata                                fardata      000000
__Lheap                                   heap         000000
__Libigdata                               ibigdata     000000
__Lidata                                  idata        000000
__LidataBANK0                             idataBANK0   000000
__LidataBANK1                             idataBANK1   000000
__Lidloc                                  idloc        000000
__Lifardata                               ifardata     000000
__Linit                                   init         007FFC
__Lintsave_regs                           intsave_regs 000000
__Lirdata                                 irdata       000000
__Lmediumconst                            mediumconst  000000
__LnvFARRAM                               nvFARRAM     000000
__Lnvbit                                  nvbit        000000
__Lnvrram                                 nvrram       000000
__Lparam                                  rparam       000000
__Lpowerup                                powerup      000000
__Lram                                    ram          000000
__Lramtop                                 ramtop       000800
__Lrbit                                   rbit         000000
__Lrbss                                   rbss         000000
__Lrdata                                  rdata        000000
__Lreset_vec                              reset_vec    000000
__Lrparam                                 rparam       000000
__Lsfr                                    sfr          000000
__Lsmallconst                             smallconst   000800
__Lspace_0                                (abs)        000000
__Lspace_1                                (abs)        000000
__Lspace_2                                (abs)        000000
__Lspace_4                                (abs)        000000
__Lstack                                  stack        000000
__Lstruct                                 struct       000000
__Ltemp                                   temp         000000
__Ltext                                   text         000000
__Ltext0                                  text0        000000
__Ltext1                                  text1        000000
__Ltext10                                 text10       000000
__Ltext11                                 text11       000000
__Ltext12                                 text12       000000
__Ltext13                                 text13       000000
__Ltext14                                 text14       000000
__Ltext15                                 text15       000000
__Ltext16                                 text16       000000
__Ltext17                                 text17       000000
__Ltext18                                 text18       000000
__Ltext19                                 text19       000000
__Ltext2                                  text2        000000
__Ltext20                                 text20       000000
__Ltext21                                 text21       000000
__Ltext22                                 text22       000000
__Ltext23                                 text23       000000
__Ltext24                                 text24       000000
__Ltext25                                 text25       000000
__Ltext3                                  text3        000000
__Ltext4                                  text4        000000
__Ltext5                                  text5        000000
__Ltext6                                  text6        000000
__Ltext7                                  text7        000000
__Ltext8                                  text8        000000
__Ltext9                                  text9        000000
__S0                                      (abs)        008000
__S1                                      (abs)        000128
__S4                                      (abs)        000000
__S5                                      (abs)        000000
___flge                                   text19       001A50
___flge@ff1                               cstackCOMRAM 000001
___flge@ff2                               cstackCOMRAM 000005
___flmul                                  text18       0008E6
___flmul@a                                cstackCOMRAM 000013
___flmul@aexp                             cstackCOMRAM 000020
___flmul@b                                cstackCOMRAM 00000F
___flmul@bexp                             cstackCOMRAM 000021
___flmul@grs                              cstackCOMRAM 00001C
___flmul@prod                             cstackCOMRAM 000022
___flmul@sign                             cstackCOMRAM 00001B
___flmul@temp                             cstackCOMRAM 000026
___fltol                                  text17       00194A
___fltol@exp1                             cstackCOMRAM 000031
___fltol@f1                               cstackCOMRAM 000028
___fltol@sign1                            cstackCOMRAM 000030
___heap_hi                                (abs)        000000
___heap_lo                                (abs)        000000
___inthi_sp                               stack        000000
___intlo_sp                               stack        000000
___lldiv                                  text16       001C24
___lldiv@counter                          cstackCOMRAM 00000D
___lldiv@dividend                         cstackCOMRAM 000001
___lldiv@divisor                          cstackCOMRAM 000005
___lldiv@quotient                         cstackCOMRAM 000009
___llmod                                  text15       001CC8
___llmod@counter                          cstackCOMRAM 000009
___llmod@dividend                         cstackCOMRAM 000001
___llmod@divisor                          cstackCOMRAM 000005
___lmul                                   text14       001E34
___lmul@multiplicand                      cstackCOMRAM 000005
___lmul@multiplier                        cstackCOMRAM 000001
___lmul@product                           cstackCOMRAM 000009
___lwdiv                                  text1        001D50
___lwdiv@counter                          cstackCOMRAM 000007
___lwdiv@dividend                         cstackCOMRAM 000001
___lwdiv@divisor                          cstackCOMRAM 000003
___lwdiv@quotient                         cstackCOMRAM 000005
___param_bank                             (abs)        000000
___rparam_used                            (abs)        000001
___sp                                     stack        000000
___xxtofl                                 text13       001538
___xxtofl@arg                             cstackCOMRAM 00000B
___xxtofl@exp                             cstackCOMRAM 00000A
___xxtofl@sign                            cstackCOMRAM 000009
___xxtofl@val                             cstackCOMRAM 000001
__accesstop                               (abs)        000060
__activetblptr                            (abs)        000002
__end_of_ADC_GetSingleConversion          text25       0021D4
__end_of_ADC_Initialize                   text5        002078
__end_of_DISPLAY_ShowFloatValue           text12       001174
__end_of_LCD_Command                      text22       00215C
__end_of_LCD_DrawBigDigit                 text20       00135E
__end_of_LCD_Init                         text11       001538
__end_of_LCD_Initialize                   text6        001F04
__end_of_LCD_Out                          text24       001844
__end_of_LCD_SetFont                      text8        001C24
__end_of_LCD_Write                        text23       001E34
__end_of_LCD_createChar                   text10       002118
__end_of_LCD_putc                         text21       00219A
__end_of_LCD_puts                         text7        001F62
__end_of_MCU_Initialize                   text4        002208
__end_of_OSCILLATOR_Initialize            text3        002248
__end_of_SYSTEM_Initialize                text2        002256
__end_of___flge                           text19       001B54
__end_of___flmul                          text18       000D34
__end_of___fltol                          text17       001A50
__end_of___lldiv                          text16       001CC8
__end_of___llmod                          text15       001D50
__end_of___lmul                           text14       001E9E
__end_of___lwdiv                          text1        001DC4
__end_of___xxtofl                         text13       0016EC
__end_of__initialization                  cinit        002012
__end_of_bit_voltaje                      smallconst   0008C5
__end_of_blocks_chars                     smallconst   000841
__end_of_main                             text0        00194A
__end_of_memcpy                           text9        001FC0
__end_of_square_four_chars                smallconst   000881
__end_of_tron_bold_chars                  smallconst   0008C1
__initialization                          cinit        001FC0
__mediumconst                             mediumconst  000000
__pbssBANK0                               bssBANK0     0000BA
__pbssCOMRAM                              bssCOMRAM    00005F
__pcinit                                  cinit        001FC0
__pcstackCOMRAM                           cstackCOMRAM 000001
__pdataBANK0                              dataBANK0    000060
__pdataBANK1                              dataBANK1    000100
__pidataBANK0                             idataBANK0   002078
__pidataBANK1                             idataBANK1   002208
__psmallconst                             smallconst   000800
__ptext0                                  text0        001844
__ptext1                                  text1        001D50
__ptext10                                 text10       0020D2
__ptext11                                 text11       00135E
__ptext12                                 text12       000D34
__ptext13                                 text13       001538
__ptext14                                 text14       001E34
__ptext15                                 text15       001CC8
__ptext16                                 text16       001C24
__ptext17                                 text17       00194A
__ptext18                                 text18       0008E6
__ptext19                                 text19       001A50
__ptext2                                  text2        002248
__ptext20                                 text20       001174
__ptext21                                 text21       00215C
__ptext22                                 text22       002118
__ptext23                                 text23       001DC4
__ptext24                                 text24       0016EC
__ptext25                                 text25       00219A
__ptext3                                  text3        002230
__ptext4                                  text4        0021D4
__ptext5                                  text5        00201C
__ptext6                                  text6        001E9E
__ptext7                                  text7        001F04
__ptext8                                  text8        001B54
__ptext9                                  text9        001F62
__ramtop                                  ramtop       000800
__smallconst                              smallconst   000800
_adcValue                                 bssBANK0     0000DD
_blocks_chars                             smallconst   000801
_blocks_digits                            dataBANK1    000100
_current_digits                           bssBANK0     0000DF
_lcdNumber                                bssBANK0     0000BA
_main                                     text0        001844
_memcpy                                   text9        001F62
_sensor_adcVoltage                        bssBANK0     0000DB
_sensor_avgCounter                        bssCOMRAM    00005F
_sensor_avgVoltage                        bssBANK0     0000D7
_sensor_ready                             bssBANK0     0000E1
_sensor_sumVoltage                        bssBANK0     0000D9
_square_four_chars                        smallconst   000841
_square_four_digits                       dataBANK0    00006A
_tron_bold_chars                          smallconst   000881
_tron_bold_digits                         dataBANK0    000092
_voltaje                                  bssBANK0     0000D3
end_of_initialization                     cinit        002012
intlevel0                                 text         000000
intlevel1                                 text         000000
intlevel2                                 text         000000
intlevel3                                 text         000000
isa$std                                   (abs)        000001
isa$xinst                                 (abs)        000000
memcpy@d                                  cstackCOMRAM 000007
memcpy@d1                                 cstackCOMRAM 000001
memcpy@n                                  cstackCOMRAM 000005
memcpy@s                                  cstackCOMRAM 000009
memcpy@s1                                 cstackCOMRAM 000003
memcpy@tmp                                cstackCOMRAM 00000B
stackhi                                   (abs)        000000
stacklo                                   (abs)        000000
start                                     init         007FFC
start_initialization                      cinit        001FC0


MODULE INFORMATION

Module		Function		Class		Link	Load	Size
C:\Program Files\Microchip\xc8\v2.36\pic\sources\c99\common\sprcmul.c
		___flmul       		CODE           	08E6	0000	1102

C:\Program Files\Microchip\xc8\v2.36\pic\sources\c99\common\sprcmul.c estimated size: 1102

mcu.c
		_MCU_Initialize		CODE           	21D4	0000	52
		_OSCILLATOR_Initialize		CODE           	2230	0000	24
		_SYSTEM_Initialize		CODE           	2248	0000	14

mcu.c estimated size: 90

C:\Program Files\Microchip\xc8\v2.36\pic\sources\c99\common\Umul32.c
		___lmul        		CODE           	1E34	0000	106

C:\Program Files\Microchip\xc8\v2.36\pic\sources\c99\common\Umul32.c estimated size: 106

C:\Program Files\Microchip\xc8\v2.36\pic\sources\c99\common\llmod.c
		___llmod       		CODE           	1CC8	0000	136

C:\Program Files\Microchip\xc8\v2.36\pic\sources\c99\common\llmod.c estimated size: 136

LCD_BIGDigits.c
		_LCD_DrawBigDigit		CODE           	1174	0000	490
		_LCD_SetFont   		CODE           	1B54	0000	208

LCD_BIGDigits.c estimated size: 698

C:\Program Files\Microchip\xc8\v2.36\pic\sources\c99\common\xxtofl.c
		___xxtofl      		CODE           	1538	0000	436

C:\Program Files\Microchip\xc8\v2.36\pic\sources\c99\common\xxtofl.c estimated size: 436

C:\Program Files\Microchip\xc8\v2.36\pic\sources\c99\common\__lldiv.c
		___lldiv       		CODE           	1C24	0000	164

C:\Program Files\Microchip\xc8\v2.36\pic\sources\c99\common\__lldiv.c estimated size: 164

adc.c
		_ADC_Initialize		CODE           	201C	0000	92
		_ADC_GetSingleConversion		CODE           	219A	0000	58

adc.c estimated size: 150

LiquidCrystalDisplay.c
		_LCD_Init      		CODE           	135E	0000	474
		_LCD_Out       		CODE           	16EC	0000	344
		_LCD_Command   		CODE           	2118	0000	68
		_LCD_createChar		CODE           	20D2	0000	70
		_LCD_putc      		CODE           	215C	0000	62
		_LCD_puts      		CODE           	1F04	0000	94
		_LCD_Write     		CODE           	1DC4	0000	112

LiquidCrystalDisplay.c estimated size: 1224

C:\Program Files\Microchip\xc8\v2.36\pic\sources\c99\common\lwdiv.c
		___lwdiv       		CODE           	1D50	0000	116

C:\Program Files\Microchip\xc8\v2.36\pic\sources\c99\common\lwdiv.c estimated size: 116

C:\Program Files\Microchip\xc8\v2.36\pic\sources\c99\common\fltol.c
		___fltol       		CODE           	194A	0000	262

C:\Program Files\Microchip\xc8\v2.36\pic\sources\c99\common\fltol.c estimated size: 262

shared
		_tron_bold_chars		SMALLCONST     	0881	0000	64
		_blocks_chars  		SMALLCONST     	0801	0000	64
		_square_four_chars		SMALLCONST     	0841	0000	64
		_bit_voltaje   		SMALLCONST     	0000	0000	0
		__initialization		CODE           	1FC0	0000	82

shared estimated size: 274

C:\Program Files\Microchip\xc8\v2.36\pic\sources\c99\common\flge.c
		___flge        		CODE           	1A50	0000	260

C:\Program Files\Microchip\xc8\v2.36\pic\sources\c99\common\flge.c estimated size: 260

C:\Program Files\Microchip\xc8\v2.36\pic\sources\c99\common\memcpy.c
		_memcpy        		CODE           	1F62	0000	94

C:\Program Files\Microchip\xc8\v2.36\pic\sources\c99\common\memcpy.c estimated size: 94

main.c
		_main          		CODE           	1844	0000	262
		_LCD_Initialize		CODE           	1E9E	0000	102
		_DISPLAY_ShowFloatValue		CODE           	0D34	0000	1088

main.c estimated size: 1452

