Microchip MPLAB XC8 Compiler V2.36

Linker command line:

-W-3 --edf=C:\Program Files\Microchip\xc8\v2.36\pic\dat\en_msgs.txt -cn \
  -h+dist/default/production\XC8-18F25K83_Lab001_IO_LEDs_Secuence.X.production.sym \
  --cmf=dist/default/production\XC8-18F25K83_Lab001_IO_LEDs_Secuence.X.production.cmf \
  -z -Q18F25K83 -oC:\Users\mrchu\AppData\Local\Temp\xcAs4nk.4 \
  --defsym=__MPLAB_BUILD=1 \
  -Mdist/default/production/XC8-18F25K83_Lab001_IO_LEDs_Secuence.X.production.map \
  --md=C:\Users\mrchu\AppData\Local\Temp\xcAs4nk.dat -E1 -ver=XC8 Compiler \
  --acfsm=1493 -ACODE=00h-07FFFh -ACONST=00h-07FFFh \
  -ASMALLCONST=0800h-08FFhx120 -AMEDIUMCONST=0800h-07FFFh -ACOMRAM=01h-05Fh \
  -AABS1=00h-07FFh -ABIGRAM=01h-07FFh -ARAM=060h-0FFh,0100h-01FFhx7 \
  -ABANK0=060h-0FFh -ABANK1=0100h-01FFh -ABANK2=0200h-02FFh \
  -ABANK3=0300h-03FFh -ABANK4=0400h-04FFh -ABANK5=0500h-05FFh \
  -ABANK6=0600h-06FFh -ABANK7=0700h-07FFh \
  -ASFR=03700h-037FFhx8,03F00h-03F5Fh,03F60h-03FFFh -ABIGSFR=03700h-03FFFh \
  -ACONFIG=0300000h-0300009h -AIDLOC=0200000h-020000Fh \
  -AEEDATA=0310000h-03103FFh -peeprom_data=EEDATA -preset_vec=00h \
  -ppowerup=CODE,init -pramtop=0800h -psmallconst=SMALLCONST \
  -pmediumconst=MEDIUMCONST -pconst=CONST -AFARRAM=00h-00h \
  -prdata=COMRAM,nvrram=COMRAM,nvbit=COMRAM,rbss=COMRAM,rbit=COMRAM \
  -pfarbss=FARRAM,fardata=FARRAM,nvFARRAM=FARRAM \
  -pintsave_regs=BIGRAM,bigbss=BIGRAM,bigdata=BIGRAM -pbss=RAM \
  -pidata=CODE,irdata=CODE,ibigdata=CODE,ifardata=CODE -prparam=COMRAM \
  C:\Users\mrchu\AppData\Local\Temp\xcAs4nk.o \
  dist/default/production\XC8-18F25K83_Lab001_IO_LEDs_Secuence.X.production.o 

Object code version is 3.11

Machine type is 18F25K83



                Name                               Link     Load   Length Selector   Space Scale
C:\Users\mrchu\AppData\Local\Temp\xcAs4nk.o
                idloc                            200000   200000       10        0       5
                config                           300000   300000        A        0       4
                init                               7FFC     7FFC        4     3FFE       0
                reset_vec                             0        0        4        0       0
dist/default/production\XC8-18F25K83_Lab001_IO_LEDs_Secuence.X.production.o
                idloc                            200000   200000       10        0       5
                config                           300000   300000        A        0       4
                text6                              7ECC     7ECC       34     3F66       0
                text5                              7EB4     7EB4       18     3F5A       0
                text4                              7E90     7E90        A     3F48       0
                text3                              7F6A     7F6A       92     3FB5       0
                text2                              7F00     7F00       6A     3F80       0
                text1                              7E8A     7E8A        6     3F45       0
                text0                              7EA4     7EA4       10     3F52       0
                cstackCOMRAM                          1        1        6        1       1
                cinit                              7E9A     7E9A        A     3F4D       0

TOTAL           Name                               Link     Load   Length     Space
        CLASS   CODE           
                init                               7FFC     7FFC        4         0
                reset_vec                             0        0        4         0
                text6                              7ECC     7ECC       34         0
                text5                              7EB4     7EB4       18         0
                text4                              7E90     7E90        A         0
                text3                              7F6A     7F6A       92         0
                text2                              7F00     7F00       6A         0
                text1                              7E8A     7E8A        6         0
                text0                              7EA4     7EA4       10         0
                cinit                              7E9A     7E9A        A         0

        CLASS   CONST          

        CLASS   SMALLCONST     

        CLASS   MEDIUMCONST    

        CLASS   COMRAM         
                cstackCOMRAM                          1        1        6         1

        CLASS   ABS1           

        CLASS   BIGRAM         

        CLASS   RAM            

        CLASS   BANK0          

        CLASS   BANK1          

        CLASS   BANK2          

        CLASS   BANK3          

        CLASS   BANK4          

        CLASS   BANK5          

        CLASS   BANK6          

        CLASS   BANK7          

        CLASS   SFR            

        CLASS   BIGSFR         

        CLASS   CONFIG         
                config                           300000   300000        A         4

        CLASS   IDLOC          
                idloc                            200000   200000       10         5

        CLASS   EEDATA         

        CLASS   FARRAM         

        CLASS   HEAP           

        CLASS   STACK          



SEGMENTS        Name                           Load    Length   Top    Selector   Space  Class

                reset_vec                      000000  000004  000004         0       0  CODE    
                cstackCOMRAM                   000001  000006  000007         1       1  COMRAM  
                text1                          007E8A  000006  007E90      3F45       0  CODE    
                text4                          007E90  00000A  007E9A      3F48       0  CODE    
                cinit                          007E9A  00000A  007EA4      3F4D       0  CODE    
                text0                          007EA4  000010  007EB4      3F52       0  CODE    
                text5                          007EB4  000018  007ECC      3F5A       0  CODE    
                text6                          007ECC  000034  007F00      3F66       0  CODE    
                text2                          007F00  00006A  007F6A      3F80       0  CODE    
                text3                          007F6A  000092  007FFC      3FB5       0  CODE    
                init                           007FFC  000004  008000      3FFE       0  CODE    


UNUSED ADDRESS RANGES

        Name                Unused          Largest block    Delta
        BANK0            000060-0000FF               A0
        BANK1            000100-0001FF              100
        BANK2            000200-0002FF              100
        BANK3            000300-0003FF              100
        BANK4            000400-0004FF              100
        BANK5            000500-0005FF              100
        BANK6            000600-0006FF              100
        BANK7            000700-0007FF              100
        BIGRAM           000007-0007FF              7F9
        BIGSFR           003700-003FFF              900
        CODE             000004-007E89             7E86
        COMRAM           000007-00005F               59
        CONST            000004-007E89             7E86
        EEDATA           310000-3103FF              400
        MEDIUMCONST      000800-007E89             768A
        RAM              000060-0007FF              100
        SFR              003700-003FFF              100
        SMALLCONST       000800-007E89              100

                                  Symbol Table

IO_LEDHello@LED_COUNTER        cstackCOMRAM 000006
IO_LEDPrintChar@LEDCHAR        cstackCOMRAM 000003
_ANSELA                        (abs)        003A40
_ANSELB                        (abs)        003A50
_ANSELC                        (abs)        003A60
_IO_LEDHello                   text2        007F00
_IO_LEDPrintChar               text3        007F6A
_LATA                          (abs)        003FBA
_LATB                          (abs)        003FBB
_LATC                          (abs)        003FBC
_LATCbits                      (abs)        003FBC
_MCU_Initialize                text6        007ECC
_OSCCON1                       (abs)        0039D9
_OSCCON3                       (abs)        0039DB
_OSCEN                         (abs)        0039DD
_OSCFRQ                        (abs)        0039DF
_OSCILLATOR_Initialize         text5        007EB4
_OSCTUNE                       (abs)        0039DE
_PORTA                         (abs)        003FCA
_PORTB                         (abs)        003FCB
_PORTC                         (abs)        003FCC
_SYSTEM_Initialize             text4        007E90
_SYSTEM_Process                text1        007E8A
_TRISA                         (abs)        003FC2
_TRISB                         (abs)        003FC3
_TRISC                         (abs)        003FC4
__HRAM                         (abs)        000000
__Habs1                        abs1         000000
__Hbank0                       bank0        000000
__Hbank1                       bank1        000000
__Hbank2                       bank2        000000
__Hbank3                       bank3        000000
__Hbank4                       bank4        000000
__Hbank5                       bank5        000000
__Hbank6                       bank6        000000
__Hbank7                       bank7        000000
__Hbigbss                      bigbss       000000
__Hbigdata                     bigdata      000000
__Hbigram                      bigram       000000
__Hbigsfr                      bigsfr       000000
__Hbss                         bss          000000
__Hcinit                       cinit        000000
__Hclrtext                     clrtext      000000
__Hcomram                      comram       000000
__Hconfig                      config       30000A
__Hconst                       const        000000
__HcstackCOMRAM                cstackCOMRAM 000000
__Hdata                        data         000000
__Heeprom_data                 eeprom_data  000000
__Hfarbss                      farbss       000000
__Hfardata                     fardata      000000
__Hheap                        heap         000000
__Hibigdata                    ibigdata     000000
__Hidata                       idata        000000
__Hidloc                       idloc        200010
__Hifardata                    ifardata     000000
__Hinit                        init         008000
__Hintsave_regs                intsave_regs 000000
__Hirdata                      irdata       000000
__Hmediumconst                 mediumconst  000000
__HnvFARRAM                    nvFARRAM     000000
__Hnvbit                       nvbit        000000
__Hnvrram                      nvrram       000000
__Hparam                       rparam       000000
__Hpowerup                     powerup      000000
__Hram                         ram          000000
__Hramtop                      ramtop       000800
__Hrbit                        rbit         000000
__Hrbss                        rbss         000000
__Hrdata                       rdata        000000
__Hreset_vec                   reset_vec    000004
__Hrparam                      rparam       000000
__Hsfr                         sfr          000000
__Hsmallconst                  smallconst   000000
__Hspace_0                     (abs)        008000
__Hspace_1                     (abs)        000007
__Hspace_2                     (abs)        000000
__Hspace_4                     (abs)        60000A
__Hstack                       stack        000000
__Hstruct                      struct       000000
__Htemp                        temp         000000
__Htext                        text         000000
__Htext0                       text0        000000
__Htext1                       text1        000000
__Htext2                       text2        000000
__Htext3                       text3        000000
__Htext4                       text4        000000
__Htext5                       text5        000000
__Htext6                       text6        000000
__LRAM                         (abs)        000001
__Labs1                        abs1         000000
__Lbank0                       bank0        000000
__Lbank1                       bank1        000000
__Lbank2                       bank2        000000
__Lbank3                       bank3        000000
__Lbank4                       bank4        000000
__Lbank5                       bank5        000000
__Lbank6                       bank6        000000
__Lbank7                       bank7        000000
__Lbigbss                      bigbss       000000
__Lbigdata                     bigdata      000000
__Lbigram                      bigram       000000
__Lbigsfr                      bigsfr       000000
__Lbss                         bss          000000
__Lcinit                       cinit        000000
__Lclrtext                     clrtext      000000
__Lcomram                      comram       000000
__Lconfig                      config       000000
__Lconst                       const        000000
__LcstackCOMRAM                cstackCOMRAM 000000
__Ldata                        data         000000
__Leeprom_data                 eeprom_data  000000
__Lfarbss                      farbss       000000
__Lfardata                     fardata      000000
__Lheap                        heap         000000
__Libigdata                    ibigdata     000000
__Lidata                       idata        000000
__Lidloc                       idloc        000000
__Lifardata                    ifardata     000000
__Linit                        init         007FFC
__Lintsave_regs                intsave_regs 000000
__Lirdata                      irdata       000000
__Lmediumconst                 mediumconst  000000
__LnvFARRAM                    nvFARRAM     000000
__Lnvbit                       nvbit        000000
__Lnvrram                      nvrram       000000
__Lparam                       rparam       000000
__Lpowerup                     powerup      000000
__Lram                         ram          000000
__Lramtop                      ramtop       000800
__Lrbit                        rbit         000000
__Lrbss                        rbss         000000
__Lrdata                       rdata        000000
__Lreset_vec                   reset_vec    000000
__Lrparam                      rparam       000000
__Lsfr                         sfr          000000
__Lsmallconst                  smallconst   000000
__Lspace_0                     (abs)        000000
__Lspace_1                     (abs)        000000
__Lspace_2                     (abs)        000000
__Lspace_4                     (abs)        000000
__Lstack                       stack        000000
__Lstruct                      struct       000000
__Ltemp                        temp         000000
__Ltext                        text         000000
__Ltext0                       text0        000000
__Ltext1                       text1        000000
__Ltext2                       text2        000000
__Ltext3                       text3        000000
__Ltext4                       text4        000000
__Ltext5                       text5        000000
__Ltext6                       text6        000000
__S0                           (abs)        008000
__S1                           (abs)        000007
__S4                           (abs)        000000
__S5                           (abs)        000000
___heap_hi                     (abs)        000000
___heap_lo                     (abs)        000000
___inthi_sp                    stack        000000
___intlo_sp                    stack        000000
___param_bank                  (abs)        000000
___rparam_used                 (abs)        000001
___sp                          stack        000000
__accesstop                    (abs)        000060
__activetblptr                 (abs)        000002
__end_of_IO_LEDHello           text2        007F6A
__end_of_IO_LEDPrintChar       text3        007FFC
__end_of_MCU_Initialize        text6        007F00
__end_of_OSCILLATOR_Initialize text5        007ECC
__end_of_SYSTEM_Initialize     text4        007E9A
__end_of_SYSTEM_Process        text1        007E90
__end_of__initialization       cinit        007E9A
__end_of_main                  text0        007EB4
__initialization               cinit        007E9A
__mediumconst                  mediumconst  000000
__pcinit                       cinit        007E9A
__pcstackCOMRAM                cstackCOMRAM 000001
__ptext0                       text0        007EA4
__ptext1                       text1        007E8A
__ptext2                       text2        007F00
__ptext3                       text3        007F6A
__ptext4                       text4        007E90
__ptext5                       text5        007EB4
__ptext6                       text6        007ECC
__ramtop                       ramtop       000800
__smallconst                   smallconst   000000
_main                          text0        007EA4
end_of_initialization          cinit        007E9A
intlevel0                      text         000000
intlevel1                      text         000000
intlevel2                      text         000000
intlevel3                      text         000000
isa$std                        (abs)        000001
isa$xinst                      (abs)        000000
stackhi                        (abs)        000000
stacklo                        (abs)        000000
start                          init         007FFC
start_initialization           cinit        007E9A


MODULE INFORMATION

Module		Function		Class		Link	Load	Size
mcu.c
		_IO_LEDPrintChar		CODE           	7F6A	0000	146
		_MCU_Initialize		CODE           	7ECC	0000	52
		_SYSTEM_Process		CODE           	7E8A	0000	6
		_OSCILLATOR_Initialize		CODE           	7EB4	0000	24
		_SYSTEM_Initialize		CODE           	7E90	0000	10
		_IO_LEDHello   		CODE           	7F00	0000	106

mcu.c estimated size: 344

shared
		__initialization		CODE           	7E9A	0000	1

shared estimated size: 1

main.c
		_main          		CODE           	7EA4	0000	16

main.c estimated size: 16

