Microchip MPLAB XC8 Compiler V2.36

Linker command line:

-W-3 --edf=C:\Program Files\Microchip\xc8\v2.36\pic\dat\en_msgs.txt \
  -pivt0x8=08h -cn \
  -h+dist/default/production\XC8-18F25K83_Lab004b_LEDs_Multiplexing.X.production.sym \
  --cmf=dist/default/production\XC8-18F25K83_Lab004b_LEDs_Multiplexing.X.production.cmf \
  -z -Q18F25K83 -oC:\Users\mrchu\AppData\Local\Temp\xcAs53s.4 \
  --defsym=__MPLAB_BUILD=1 \
  -Mdist/default/production/XC8-18F25K83_Lab004b_LEDs_Multiplexing.X.production.map \
  --md=C:\Users\mrchu\AppData\Local\Temp\xcAs53s.dat -E1 -ver=XC8 Compiler \
  --acfsm=1493 -ACODE=00h-07FFFh -ACONST=00h-07FFFh \
  -ASMALLCONST=0800h-08FFhx120 -AMEDIUMCONST=0800h-07FFFh -ACOMRAM=01h-05Fh \
  -AABS1=00h-07FFh -ABIGRAM=01h-07FFh -ARAM=060h-0FFh,0100h-01FFhx7 \
  -ABANK0=060h-0FFh -ABANK1=0100h-01FFh -ABANK2=0200h-02FFh \
  -ABANK3=0300h-03FFh -ABANK4=0400h-04FFh -ABANK5=0500h-05FFh \
  -ABANK6=0600h-06FFh -ABANK7=0700h-07FFh \
  -ASFR=03700h-037FFhx8,03F00h-03F5Fh,03F60h-03FFFh -ABIGSFR=03700h-03FFFh \
  -ACONFIG=0300000h-0300009h -AIDLOC=0200000h-020000Fh \
  -AEEDATA=0310000h-03103FFh -peeprom_data=EEDATA -preset_vec=00h \
  -ppowerup=CODE,init -pramtop=0800h -psmallconst=SMALLCONST \
  -pmediumconst=MEDIUMCONST -pconst=CONST -AFARRAM=00h-00h \
  -prdata=COMRAM,nvrram=COMRAM,nvbit=COMRAM,rbss=COMRAM,rbit=COMRAM \
  -pfarbss=FARRAM,fardata=FARRAM,nvFARRAM=FARRAM \
  -pintsave_regs=BIGRAM,bigbss=BIGRAM,bigdata=BIGRAM -pbss=RAM \
  -pidata=CODE,irdata=CODE,ibigdata=CODE,ifardata=CODE -prparam=COMRAM \
  C:\Users\mrchu\AppData\Local\Temp\xcAs53s.o \
  dist/default/production\XC8-18F25K83_Lab004b_LEDs_Multiplexing.X.production.o 

Object code version is 3.11

Machine type is 18F25K83



                Name                               Link     Load   Length Selector   Space Scale
C:\Users\mrchu\AppData\Local\Temp\xcAs53s.o
                idloc                            200000   200000       10        0       5
                config                           300000   300000        A        0       4
                init                                 1C       1C        4        4       0
                reset_vec                             0        0        4        0       0
dist/default/production\XC8-18F25K83_Lab004b_LEDs_Multiplexing.X.production.o
                idloc                            200000   200000       10        0       5
                config                           300000   300000        A        0       4
                ivt0x8                                8        8       14        4       0
                text13                              548      548        2        4       0
                text12                              430      430       3A        4       0
                text11                              536      536        C        4       0
                text10                              2EC      2EC       92        4       0
                text9                               37E      37E       66        4       0
                text8                               46A      46A       34        4       0
                text7                               50E      50E       18        4       0
                text6                               49E      49E       32        4       0
                text5                               4F2      4F2       1C        4       0
                text4                               242      242       AA        4       0
                text3                                20       20      222        4       0
                text2                               3E4      3E4       4C        4       0
                text1                               542      542        6        4       0
                text0                               526      526       10        4       0
                cstackCOMRAM                         14       14        7        1       1
                bssCOMRAM                             1        1       13        1       1
                cinit                               4D0      4D0       22        4       0

TOTAL           Name                               Link     Load   Length     Space
        CLASS   CODE           
                init                                 1C       1C        4         0
                reset_vec                             0        0        4         0
                ivt0x8                                8        8       14         0
                text13                              548      548        2         0
                text12                              430      430       3A         0
                text11                              536      536        C         0
                text10                              2EC      2EC       92         0
                text9                               37E      37E       66         0
                text8                               46A      46A       34         0
                text7                               50E      50E       18         0
                text6                               49E      49E       32         0
                text5                               4F2      4F2       1C         0
                text4                               242      242       AA         0
                text3                                20       20      222         0
                text2                               3E4      3E4       4C         0
                text1                               542      542        6         0
                text0                               526      526       10         0
                cinit                               4D0      4D0       22         0

        CLASS   CONST          

        CLASS   SMALLCONST     

        CLASS   MEDIUMCONST    

        CLASS   COMRAM         
                cstackCOMRAM                         14       14        7         1
                bssCOMRAM                             1        1       13         1

        CLASS   ABS1           

        CLASS   BIGRAM         

        CLASS   RAM            

        CLASS   BANK0          

        CLASS   BANK1          

        CLASS   BANK2          

        CLASS   BANK3          

        CLASS   BANK4          

        CLASS   BANK5          

        CLASS   BANK6          

        CLASS   BANK7          

        CLASS   SFR            

        CLASS   BIGSFR         

        CLASS   CONFIG         
                config                           300000   300000        A         4

        CLASS   IDLOC          
                idloc                            200000   200000       10         5

        CLASS   EEDATA         

        CLASS   FARRAM         

        CLASS   HEAP           

        CLASS   STACK          



SEGMENTS        Name                           Load    Length   Top    Selector   Space  Class

                reset_vec                      000000  000004  000004         0       0  CODE    
                bssCOMRAM                      000001  00001A  00001B         1       1  COMRAM  
                ivt0x8                         000008  000542  00054A         4       0  CODE    


UNUSED ADDRESS RANGES

        Name                Unused          Largest block    Delta
        BANK0            000060-0000FF               A0
        BANK1            000100-0001FF              100
        BANK2            000200-0002FF              100
        BANK3            000300-0003FF              100
        BANK4            000400-0004FF              100
        BANK5            000500-0005FF              100
        BANK6            000600-0006FF              100
        BANK7            000700-0007FF              100
        BIGRAM           00001B-0007FF              7E5
        BIGSFR           003700-003FFF              900
        CODE             000004-000007                4
                         00054A-007FFF             7AB6
        COMRAM           00001B-00005F               45
        CONST            000004-000007                4
                         00054A-007FFF             7AB6
        EEDATA           310000-3103FF              400
        MEDIUMCONST      000800-007FFF             7800
        RAM              000060-0007FF              100
        SFR              003700-003FFF              100
        SMALLCONST       000800-007FFF              100

                                  Symbol Table

IO_LEDHello@LED_COUNTER                  cstackCOMRAM 00001A
IO_LEDPrintChar@LEDCHAR                  cstackCOMRAM 000017
IVTBASEH                                 (abs)        003FD6
IVTBASEL                                 (abs)        003FD5
IVTBASEU                                 (abs)        003FD7
LED_Update@LEDs                          cstackCOMRAM 000015
MCU_SetOut@Out                           cstackCOMRAM 000017
_ANSELA                                  (abs)        003A40
_ANSELB                                  (abs)        003A50
_ANSELC                                  (abs)        003A60
_INTCON0bits                             (abs)        003FD2
_INTERRUPT_GlobalInterruptEnable         text11       000536
_INTERRUPT_InterruptManagerHigh          text13       000548
_INTERRUPT_InterruptManagerLow           text12       000430
_IO_LEDHello                             text9        00037E
_IO_LEDPrintChar                         text10       0002EC
_IPR3bits                                (abs)        003983
_LATA                                    (abs)        003FBA
_LATB                                    (abs)        003FBB
_LATBbits                                (abs)        003FBB
_LATC                                    (abs)        003FBC
_LATCbits                                (abs)        003FBC
_LED10_Status                            bssCOMRAM    000007
_LED11_Status                            bssCOMRAM    000006
_LED12_Status                            bssCOMRAM    000005
_LED1_Status                             bssCOMRAM    000010
_LED2_Status                             bssCOMRAM    00000F
_LED3_Status                             bssCOMRAM    00000E
_LED4_Status                             bssCOMRAM    00000D
_LED5_Status                             bssCOMRAM    00000C
_LED6_Status                             bssCOMRAM    00000B
_LED7_Status                             bssCOMRAM    00000A
_LED8_Status                             bssCOMRAM    000009
_LED9_Status                             bssCOMRAM    000008
_LED_ROTER                               bssCOMRAM    000012
_LED_Update                              text4        000242
_MCU_Initialize                          text8        00046A
_MCU_SetOut                              text3        000020
_OSCCON1                                 (abs)        0039D9
_OSCCON3                                 (abs)        0039DB
_OSCEN                                   (abs)        0039DD
_OSCFRQ                                  (abs)        0039DF
_OSCILLATOR_Initialize                   text7        00050E
_OSCTUNE                                 (abs)        0039DE
_PIE3bits                                (abs)        003993
_PIR3bits                                (abs)        0039A3
_PORTA                                   (abs)        003FCA
_PORTB                                   (abs)        003FCB
_PORTC                                   (abs)        003FCC
_RTCC_Enable                             text6        00049E
_RTCC_Update                             text2        0003E4
_SYSTEM_Initialize                       text5        0004F2
_SYSTEM_Process                          text1        000542
_T0CON0bits                              (abs)        003FB8
_T0CON1bits                              (abs)        003FB9
_TIMER0_OVR_FLAG                         bssCOMRAM    000013
_TMR0H                                   (abs)        003FB7
_TMR0L                                   (abs)        003FB6
_TRISA                                   (abs)        003FC2
_TRISB                                   (abs)        003FC3
_TRISBbits                               (abs)        003FC3
_TRISC                                   (abs)        003FC4
__HRAM                                   (abs)        000000
__Habs1                                  abs1         000000
__Hbank0                                 bank0        000000
__Hbank1                                 bank1        000000
__Hbank2                                 bank2        000000
__Hbank3                                 bank3        000000
__Hbank4                                 bank4        000000
__Hbank5                                 bank5        000000
__Hbank6                                 bank6        000000
__Hbank7                                 bank7        000000
__Hbigbss                                bigbss       000000
__Hbigdata                               bigdata      000000
__Hbigram                                bigram       000000
__Hbigsfr                                bigsfr       000000
__Hbss                                   bss          000000
__HbssCOMRAM                             bssCOMRAM    000000
__Hcinit                                 cinit        000000
__Hclrtext                               clrtext      000000
__Hcomram                                comram       000000
__Hconfig                                config       30000A
__Hconst                                 const        000000
__HcstackCOMRAM                          cstackCOMRAM 000000
__Hdata                                  data         000000
__Heeprom_data                           eeprom_data  000000
__Hfarbss                                farbss       000000
__Hfardata                               fardata      000000
__Hheap                                  heap         000000
__Hibigdata                              ibigdata     000000
__Hidata                                 idata        000000
__Hidloc                                 idloc        200010
__Hifardata                              ifardata     000000
__Hinit                                  init         000020
__Hintsave_regs                          intsave_regs 000000
__Hirdata                                irdata       000000
__Hivt0x8                                ivt0x8       00001C
__Hmediumconst                           mediumconst  000000
__HnvFARRAM                              nvFARRAM     000000
__Hnvbit                                 nvbit        000000
__Hnvrram                                nvrram       000000
__Hparam                                 rparam       000000
__Hpowerup                               powerup      000000
__Hram                                   ram          000000
__Hramtop                                ramtop       000800
__Hrbit                                  rbit         000000
__Hrbss                                  rbss         000000
__Hrdata                                 rdata        000000
__Hreset_vec                             reset_vec    000004
__Hrparam                                rparam       000000
__Hsfr                                   sfr          000000
__Hsmallconst                            smallconst   000000
__Hspace_0                               (abs)        000800
__Hspace_1                               (abs)        00001B
__Hspace_2                               (abs)        000000
__Hspace_4                               (abs)        60000A
__Hstack                                 stack        000000
__Hstruct                                struct       000000
__Htemp                                  temp         000000
__Htext                                  text         000000
__Htext0                                 text0        000000
__Htext1                                 text1        000000
__Htext10                                text10       000000
__Htext11                                text11       000000
__Htext12                                text12       000000
__Htext13                                text13       000000
__Htext2                                 text2        000000
__Htext3                                 text3        000000
__Htext4                                 text4        000000
__Htext5                                 text5        000000
__Htext6                                 text6        000000
__Htext7                                 text7        000000
__Htext8                                 text8        000000
__Htext9                                 text9        000000
__LRAM                                   (abs)        000001
__Labs1                                  abs1         000000
__Lbank0                                 bank0        000000
__Lbank1                                 bank1        000000
__Lbank2                                 bank2        000000
__Lbank3                                 bank3        000000
__Lbank4                                 bank4        000000
__Lbank5                                 bank5        000000
__Lbank6                                 bank6        000000
__Lbank7                                 bank7        000000
__Lbigbss                                bigbss       000000
__Lbigdata                               bigdata      000000
__Lbigram                                bigram       000000
__Lbigsfr                                bigsfr       000000
__Lbss                                   bss          000000
__LbssCOMRAM                             bssCOMRAM    000000
__Lcinit                                 cinit        000000
__Lclrtext                               clrtext      000000
__Lcomram                                comram       000000
__Lconfig                                config       000000
__Lconst                                 const        000000
__LcstackCOMRAM                          cstackCOMRAM 000000
__Ldata                                  data         000000
__Leeprom_data                           eeprom_data  000000
__Lfarbss                                farbss       000000
__Lfardata                               fardata      000000
__Lheap                                  heap         000000
__Libigdata                              ibigdata     000000
__Lidata                                 idata        000000
__Lidloc                                 idloc        000000
__Lifardata                              ifardata     000000
__Linit                                  init         00001C
__Lintsave_regs                          intsave_regs 000000
__Lirdata                                irdata       000000
__Livt0x8                                ivt0x8       000008
__Lmediumconst                           mediumconst  000000
__LnvFARRAM                              nvFARRAM     000000
__Lnvbit                                 nvbit        000000
__Lnvrram                                nvrram       000000
__Lparam                                 rparam       000000
__Lpowerup                               powerup      000000
__Lram                                   ram          000000
__Lramtop                                ramtop       000800
__Lrbit                                  rbit         000000
__Lrbss                                  rbss         000000
__Lrdata                                 rdata        000000
__Lreset_vec                             reset_vec    000000
__Lrparam                                rparam       000000
__Lsfr                                   sfr          000000
__Lsmallconst                            smallconst   000000
__Lspace_0                               (abs)        000000
__Lspace_1                               (abs)        000000
__Lspace_2                               (abs)        000000
__Lspace_4                               (abs)        000000
__Lstack                                 stack        000000
__Lstruct                                struct       000000
__Ltemp                                  temp         000000
__Ltext                                  text         000000
__Ltext0                                 text0        000000
__Ltext1                                 text1        000000
__Ltext10                                text10       000000
__Ltext11                                text11       000000
__Ltext12                                text12       000000
__Ltext13                                text13       000000
__Ltext2                                 text2        000000
__Ltext3                                 text3        000000
__Ltext4                                 text4        000000
__Ltext5                                 text5        000000
__Ltext6                                 text6        000000
__Ltext7                                 text7        000000
__Ltext8                                 text8        000000
__Ltext9                                 text9        000000
__S0                                     (abs)        00054A
__S1                                     (abs)        00001B
__S4                                     (abs)        000000
__S5                                     (abs)        000000
___heap_hi                               (abs)        000000
___heap_lo                               (abs)        000000
___inthi_sp                              stack        000000
___intlo_sp                              stack        000000
___param_bank                            (abs)        000000
___rparam_used                           (abs)        000001
___sp                                    stack        000000
__accesstop                              (abs)        000060
__activetblptr                           (abs)        000002
__end_of_INTERRUPT_GlobalInterruptEnable text11       000542
__end_of_INTERRUPT_InterruptManagerHigh  text13       00054A
__end_of_INTERRUPT_InterruptManagerLow   text12       00046A
__end_of_IO_LEDHello                     text9        0003E4
__end_of_IO_LEDPrintChar                 text10       00037E
__end_of_LED_Update                      text4        0002EC
__end_of_MCU_Initialize                  text8        00049E
__end_of_MCU_SetOut                      text3        000242
__end_of_OSCILLATOR_Initialize           text7        000526
__end_of_RTCC_Enable                     text6        0004D0
__end_of_RTCC_Update                     text2        000430
__end_of_SYSTEM_Initialize               text5        00050E
__end_of_SYSTEM_Process                  text1        000548
__end_of__initialization                 cinit        0004E8
__end_of_main                            text0        000536
__initialization                         cinit        0004D0
__mediumconst                            mediumconst  000000
__pbssCOMRAM                             bssCOMRAM    000001
__pcinit                                 cinit        0004D0
__pcstackCOMRAM                          cstackCOMRAM 000014
__pivt0x8                                ivt0x8       000008
__ptext0                                 text0        000526
__ptext1                                 text1        000542
__ptext10                                text10       0002EC
__ptext11                                text11       000536
__ptext12                                text12       000430
__ptext13                                text13       000548
__ptext2                                 text2        0003E4
__ptext3                                 text3        000020
__ptext4                                 text4        000242
__ptext5                                 text5        0004F2
__ptext6                                 text6        00049E
__ptext7                                 text7        00050E
__ptext8                                 text8        00046A
__ptext9                                 text9        00037E
__ramtop                                 ramtop       000800
__smallconst                             smallconst   000000
_bufferLEDs                              bssCOMRAM    000001
_counterTMR0                             bssCOMRAM    000003
_ledCounter                              bssCOMRAM    000011
_main                                    text0        000526
end_of_initialization                    cinit        0004E8
intlevel0                                text         000000
intlevel1                                text         000000
intlevel2                                text         000000
intlevel3                                text         000000
isa$std                                  (abs)        000001
isa$xinst                                (abs)        000000
ivt0x8_base                              ivt0x8       000008
stackhi                                  (abs)        000000
stacklo                                  (abs)        000000
start                                    init         00001C
start_initialization                     cinit        0004D0


MODULE INFORMATION

Module		Function		Class		Link	Load	Size
mcu.c
		_IO_LEDPrintChar		CODE           	02EC	0000	146
		_RTCC_Update   		CODE           	03E4	0000	76
		_MCU_Initialize		CODE           	046A	0000	52
		_RTCC_Enable   		CODE           	049E	0000	50
		_LED_Update    		CODE           	0242	0000	170
		_SYSTEM_Process		CODE           	0542	0000	6
		_OSCILLATOR_Initialize		CODE           	050E	0000	24
		_SYSTEM_Initialize		CODE           	04F2	0000	28
		_IO_LEDHello   		CODE           	037E	0000	102
		_MCU_SetOut    		CODE           	0020	0000	546

mcu.c estimated size: 1200

isr_manager.c
		_INTERRUPT_GlobalInterruptEnable		CODE           	0536	0000	12
		_INTERRUPT_InterruptManagerLow		CODE           	0430	0000	58
		_INTERRUPT_InterruptManagerHigh		CODE           	0548	0000	2

isr_manager.c estimated size: 72

shared
		__initialization		CODE           	04D0	0000	24

shared estimated size: 24

main.c
		_main          		CODE           	0526	0000	16

main.c estimated size: 16

