Microchip MPLAB XC8 Compiler V2.36

Linker command line:

-W-3 --edf=C:\Program Files\Microchip\xc8\v2.36\pic\dat\en_msgs.txt \
  -pivt0x8=08h -cn \
  -h+dist/default/production\XC8-18F25K83_Lab004a_LEDs_Multiplexing.X.production.sym \
  --cmf=dist/default/production\XC8-18F25K83_Lab004a_LEDs_Multiplexing.X.production.cmf \
  -z -Q18F25K83 -oC:\Users\mrchu\AppData\Local\Temp\xcAsi14.5 \
  --defsym=__MPLAB_BUILD=1 \
  -Mdist/default/production/XC8-18F25K83_Lab004a_LEDs_Multiplexing.X.production.map \
  --md=C:\Users\mrchu\AppData\Local\Temp\xcBsi14.dat -E1 -ver=XC8 Compiler \
  --acfsm=1493 -ACODE=00h-07FFFh -ACONST=00h-07FFFh \
  -ASMALLCONST=0800h-08FFhx120 -AMEDIUMCONST=0800h-07FFFh -ACOMRAM=01h-05Fh \
  -AABS1=00h-07FFh -ABIGRAM=01h-07FFh -ARAM=060h-0FFh,0100h-01FFhx7 \
  -ABANK0=060h-0FFh -ABANK1=0100h-01FFh -ABANK2=0200h-02FFh \
  -ABANK3=0300h-03FFh -ABANK4=0400h-04FFh -ABANK5=0500h-05FFh \
  -ABANK6=0600h-06FFh -ABANK7=0700h-07FFh \
  -ASFR=03700h-037FFhx8,03F00h-03F5Fh,03F60h-03FFFh -ABIGSFR=03700h-03FFFh \
  -ACONFIG=0300000h-0300009h -AIDLOC=0200000h-020000Fh \
  -AEEDATA=0310000h-03103FFh -peeprom_data=EEDATA -preset_vec=00h \
  -ppowerup=CODE,init -pramtop=0800h -psmallconst=SMALLCONST \
  -pmediumconst=MEDIUMCONST -pconst=CONST -AFARRAM=00h-00h \
  -prdata=COMRAM,nvrram=COMRAM,nvbit=COMRAM,rbss=COMRAM,rbit=COMRAM \
  -pfarbss=FARRAM,fardata=FARRAM,nvFARRAM=FARRAM \
  -pintsave_regs=BIGRAM,bigbss=BIGRAM,bigdata=BIGRAM -pbss=RAM \
  -pidata=CODE,irdata=CODE,ibigdata=CODE,ifardata=CODE -prparam=COMRAM \
  C:\Users\mrchu\AppData\Local\Temp\xcAsi14.o \
  dist/default/production\XC8-18F25K83_Lab004a_LEDs_Multiplexing.X.production.o 

Object code version is 3.11

Machine type is 18F25K83



                Name                               Link     Load   Length Selector   Space Scale
C:\Users\mrchu\AppData\Local\Temp\xcAsi14.o
                idloc                            200000   200000       10        0       5
                config                           300000   300000        A        0       4
                init                                 1C       1C        4        4       0
                reset_vec                             0        0        4        0       0
dist/default/production\XC8-18F25K83_Lab004a_LEDs_Multiplexing.X.production.o
                idloc                            200000   200000       10        0       5
                config                           300000   300000        A        0       4
                ivt0x8                                8        8       14        4       0
                text12                              3CA      3CA        2        4       0
                text11                              282      282       3A        4       0
                text10                              3B8      3B8        C        4       0
                text9                               18A      18A       92        4       0
                text8                               21C      21C       66        4       0
                text7                               2F0      2F0       34        4       0
                text6                               390      390       18        4       0
                text5                               324      324       32        4       0
                text4                               374      374       1C        4       0
                text3                                20       20      16A        4       0
                text2                               2BC      2BC       34        4       0
                text1                               3C4      3C4        6        4       0
                text0                               3A8      3A8       10        4       0
                cstackCOMRAM                          1        1        7        1       1
                bssCOMRAM                             8        8        4        1       1
                cinit                               356      356       1E        4       0

TOTAL           Name                               Link     Load   Length     Space
        CLASS   CODE           
                init                                 1C       1C        4         0
                reset_vec                             0        0        4         0
                ivt0x8                                8        8       14         0
                text12                              3CA      3CA        2         0
                text11                              282      282       3A         0
                text10                              3B8      3B8        C         0
                text9                               18A      18A       92         0
                text8                               21C      21C       66         0
                text7                               2F0      2F0       34         0
                text6                               390      390       18         0
                text5                               324      324       32         0
                text4                               374      374       1C         0
                text3                                20       20      16A         0
                text2                               2BC      2BC       34         0
                text1                               3C4      3C4        6         0
                text0                               3A8      3A8       10         0
                cinit                               356      356       1E         0

        CLASS   CONST          

        CLASS   SMALLCONST     

        CLASS   MEDIUMCONST    

        CLASS   COMRAM         
                cstackCOMRAM                          1        1        7         1
                bssCOMRAM                             8        8        4         1

        CLASS   ABS1           

        CLASS   BIGRAM         

        CLASS   RAM            

        CLASS   BANK0          

        CLASS   BANK1          

        CLASS   BANK2          

        CLASS   BANK3          

        CLASS   BANK4          

        CLASS   BANK5          

        CLASS   BANK6          

        CLASS   BANK7          

        CLASS   SFR            

        CLASS   BIGSFR         

        CLASS   CONFIG         
                config                           300000   300000        A         4

        CLASS   IDLOC          
                idloc                            200000   200000       10         5

        CLASS   EEDATA         

        CLASS   FARRAM         

        CLASS   HEAP           

        CLASS   STACK          



SEGMENTS        Name                           Load    Length   Top    Selector   Space  Class

                reset_vec                      000000  000004  000004         0       0  CODE    
                cstackCOMRAM                   000001  00000B  00000C         1       1  COMRAM  
                ivt0x8                         000008  0003C4  0003CC         4       0  CODE    


UNUSED ADDRESS RANGES

        Name                Unused          Largest block    Delta
        BANK0            000060-0000FF               A0
        BANK1            000100-0001FF              100
        BANK2            000200-0002FF              100
        BANK3            000300-0003FF              100
        BANK4            000400-0004FF              100
        BANK5            000500-0005FF              100
        BANK6            000600-0006FF              100
        BANK7            000700-0007FF              100
        BIGRAM           00000C-0007FF              7F4
        BIGSFR           003700-003FFF              900
        CODE             000004-000007                4
                         0003CC-007FFF             7C34
        COMRAM           00000C-00005F               54
        CONST            000004-000007                4
                         0003CC-007FFF             7C34
        EEDATA           310000-3103FF              400
        MEDIUMCONST      000800-007FFF             7800
        RAM              000060-0007FF              100
        SFR              003700-003FFF              100
        SMALLCONST       000800-007FFF              100

                                  Symbol Table

IO_LEDHello@LED_COUNTER                  cstackCOMRAM 000007
IO_LEDPrintChar@LEDCHAR                  cstackCOMRAM 000004
IVTBASEH                                 (abs)        003FD6
IVTBASEL                                 (abs)        003FD5
IVTBASEU                                 (abs)        003FD7
MCU_SetOut@Out                           cstackCOMRAM 000004
_ANSELA                                  (abs)        003A40
_ANSELB                                  (abs)        003A50
_ANSELC                                  (abs)        003A60
_INTCON0bits                             (abs)        003FD2
_INTERRUPT_GlobalInterruptEnable         text10       0003B8
_INTERRUPT_InterruptManagerHigh          text12       0003CA
_INTERRUPT_InterruptManagerLow           text11       000282
_IO_LEDHello                             text8        00021C
_IO_LEDPrintChar                         text9        00018A
_IPR3bits                                (abs)        003983
_LATA                                    (abs)        003FBA
_LATB                                    (abs)        003FBB
_LATBbits                                (abs)        003FBB
_LATC                                    (abs)        003FBC
_LATCbits                                (abs)        003FBC
_LED_ROTER                               bssCOMRAM    000009
_MCU_Initialize                          text7        0002F0
_MCU_SetOut                              text3        000020
_OSCCON1                                 (abs)        0039D9
_OSCCON3                                 (abs)        0039DB
_OSCEN                                   (abs)        0039DD
_OSCFRQ                                  (abs)        0039DF
_OSCILLATOR_Initialize                   text6        000390
_OSCTUNE                                 (abs)        0039DE
_PIE3bits                                (abs)        003993
_PIR3bits                                (abs)        0039A3
_PORTA                                   (abs)        003FCA
_PORTB                                   (abs)        003FCB
_PORTC                                   (abs)        003FCC
_RTCC_Enable                             text5        000324
_RTCC_Update                             text2        0002BC
_SYSTEM_Initialize                       text4        000374
_SYSTEM_Process                          text1        0003C4
_T0CON0bits                              (abs)        003FB8
_T0CON1bits                              (abs)        003FB9
_TIMER0_OVR_FLAG                         bssCOMRAM    00000B
_TMR0H                                   (abs)        003FB7
_TMR0L                                   (abs)        003FB6
_TRISA                                   (abs)        003FC2
_TRISB                                   (abs)        003FC3
_TRISBbits                               (abs)        003FC3
_TRISC                                   (abs)        003FC4
__HRAM                                   (abs)        000000
__Habs1                                  abs1         000000
__Hbank0                                 bank0        000000
__Hbank1                                 bank1        000000
__Hbank2                                 bank2        000000
__Hbank3                                 bank3        000000
__Hbank4                                 bank4        000000
__Hbank5                                 bank5        000000
__Hbank6                                 bank6        000000
__Hbank7                                 bank7        000000
__Hbigbss                                bigbss       000000
__Hbigdata                               bigdata      000000
__Hbigram                                bigram       000000
__Hbigsfr                                bigsfr       000000
__Hbss                                   bss          000000
__HbssCOMRAM                             bssCOMRAM    000000
__Hcinit                                 cinit        000000
__Hclrtext                               clrtext      000000
__Hcomram                                comram       000000
__Hconfig                                config       30000A
__Hconst                                 const        000000
__HcstackCOMRAM                          cstackCOMRAM 000000
__Hdata                                  data         000000
__Heeprom_data                           eeprom_data  000000
__Hfarbss                                farbss       000000
__Hfardata                               fardata      000000
__Hheap                                  heap         000000
__Hibigdata                              ibigdata     000000
__Hidata                                 idata        000000
__Hidloc                                 idloc        200010
__Hifardata                              ifardata     000000
__Hinit                                  init         000020
__Hintsave_regs                          intsave_regs 000000
__Hirdata                                irdata       000000
__Hivt0x8                                ivt0x8       00001C
__Hmediumconst                           mediumconst  000000
__HnvFARRAM                              nvFARRAM     000000
__Hnvbit                                 nvbit        000000
__Hnvrram                                nvrram       000000
__Hparam                                 rparam       000000
__Hpowerup                               powerup      000000
__Hram                                   ram          000000
__Hramtop                                ramtop       000800
__Hrbit                                  rbit         000000
__Hrbss                                  rbss         000000
__Hrdata                                 rdata        000000
__Hreset_vec                             reset_vec    000004
__Hrparam                                rparam       000000
__Hsfr                                   sfr          000000
__Hsmallconst                            smallconst   000000
__Hspace_0                               (abs)        000800
__Hspace_1                               (abs)        00000C
__Hspace_2                               (abs)        000000
__Hspace_4                               (abs)        60000A
__Hstack                                 stack        000000
__Hstruct                                struct       000000
__Htemp                                  temp         000000
__Htext                                  text         000000
__Htext0                                 text0        000000
__Htext1                                 text1        000000
__Htext10                                text10       000000
__Htext11                                text11       000000
__Htext12                                text12       000000
__Htext2                                 text2        000000
__Htext3                                 text3        000000
__Htext4                                 text4        000000
__Htext5                                 text5        000000
__Htext6                                 text6        000000
__Htext7                                 text7        000000
__Htext8                                 text8        000000
__Htext9                                 text9        000000
__LRAM                                   (abs)        000001
__Labs1                                  abs1         000000
__Lbank0                                 bank0        000000
__Lbank1                                 bank1        000000
__Lbank2                                 bank2        000000
__Lbank3                                 bank3        000000
__Lbank4                                 bank4        000000
__Lbank5                                 bank5        000000
__Lbank6                                 bank6        000000
__Lbank7                                 bank7        000000
__Lbigbss                                bigbss       000000
__Lbigdata                               bigdata      000000
__Lbigram                                bigram       000000
__Lbigsfr                                bigsfr       000000
__Lbss                                   bss          000000
__LbssCOMRAM                             bssCOMRAM    000000
__Lcinit                                 cinit        000000
__Lclrtext                               clrtext      000000
__Lcomram                                comram       000000
__Lconfig                                config       000000
__Lconst                                 const        000000
__LcstackCOMRAM                          cstackCOMRAM 000000
__Ldata                                  data         000000
__Leeprom_data                           eeprom_data  000000
__Lfarbss                                farbss       000000
__Lfardata                               fardata      000000
__Lheap                                  heap         000000
__Libigdata                              ibigdata     000000
__Lidata                                 idata        000000
__Lidloc                                 idloc        000000
__Lifardata                              ifardata     000000
__Linit                                  init         00001C
__Lintsave_regs                          intsave_regs 000000
__Lirdata                                irdata       000000
__Livt0x8                                ivt0x8       000008
__Lmediumconst                           mediumconst  000000
__LnvFARRAM                              nvFARRAM     000000
__Lnvbit                                 nvbit        000000
__Lnvrram                                nvrram       000000
__Lparam                                 rparam       000000
__Lpowerup                               powerup      000000
__Lram                                   ram          000000
__Lramtop                                ramtop       000800
__Lrbit                                  rbit         000000
__Lrbss                                  rbss         000000
__Lrdata                                 rdata        000000
__Lreset_vec                             reset_vec    000000
__Lrparam                                rparam       000000
__Lsfr                                   sfr          000000
__Lsmallconst                            smallconst   000000
__Lspace_0                               (abs)        000000
__Lspace_1                               (abs)        000000
__Lspace_2                               (abs)        000000
__Lspace_4                               (abs)        000000
__Lstack                                 stack        000000
__Lstruct                                struct       000000
__Ltemp                                  temp         000000
__Ltext                                  text         000000
__Ltext0                                 text0        000000
__Ltext1                                 text1        000000
__Ltext10                                text10       000000
__Ltext11                                text11       000000
__Ltext12                                text12       000000
__Ltext2                                 text2        000000
__Ltext3                                 text3        000000
__Ltext4                                 text4        000000
__Ltext5                                 text5        000000
__Ltext6                                 text6        000000
__Ltext7                                 text7        000000
__Ltext8                                 text8        000000
__Ltext9                                 text9        000000
__S0                                     (abs)        0003CC
__S1                                     (abs)        00000C
__S4                                     (abs)        000000
__S5                                     (abs)        000000
___heap_hi                               (abs)        000000
___heap_lo                               (abs)        000000
___inthi_sp                              stack        000000
___intlo_sp                              stack        000000
___param_bank                            (abs)        000000
___rparam_used                           (abs)        000001
___sp                                    stack        000000
__accesstop                              (abs)        000060
__activetblptr                           (abs)        000002
__end_of_INTERRUPT_GlobalInterruptEnable text10       0003C4
__end_of_INTERRUPT_InterruptManagerHigh  text12       0003CC
__end_of_INTERRUPT_InterruptManagerLow   text11       0002BC
__end_of_IO_LEDHello                     text8        000282
__end_of_IO_LEDPrintChar                 text9        00021C
__end_of_MCU_Initialize                  text7        000324
__end_of_MCU_SetOut                      text3        00018A
__end_of_OSCILLATOR_Initialize           text6        0003A8
__end_of_RTCC_Enable                     text5        000356
__end_of_RTCC_Update                     text2        0002F0
__end_of_SYSTEM_Initialize               text4        000390
__end_of_SYSTEM_Process                  text1        0003CA
__end_of__initialization                 cinit        00036A
__end_of_main                            text0        0003B8
__initialization                         cinit        000356
__mediumconst                            mediumconst  000000
__pbssCOMRAM                             bssCOMRAM    000008
__pcinit                                 cinit        000356
__pcstackCOMRAM                          cstackCOMRAM 000001
__pivt0x8                                ivt0x8       000008
__ptext0                                 text0        0003A8
__ptext1                                 text1        0003C4
__ptext10                                text10       0003B8
__ptext11                                text11       000282
__ptext12                                text12       0003CA
__ptext2                                 text2        0002BC
__ptext3                                 text3        000020
__ptext4                                 text4        000374
__ptext5                                 text5        000324
__ptext6                                 text6        000390
__ptext7                                 text7        0002F0
__ptext8                                 text8        00021C
__ptext9                                 text9        00018A
__ramtop                                 ramtop       000800
__smallconst                             smallconst   000000
_counterTMR0                             bssCOMRAM    00000A
_ledCounter                              bssCOMRAM    000008
_main                                    text0        0003A8
end_of_initialization                    cinit        00036A
intlevel0                                text         000000
intlevel1                                text         000000
intlevel2                                text         000000
intlevel3                                text         000000
isa$std                                  (abs)        000001
isa$xinst                                (abs)        000000
ivt0x8_base                              ivt0x8       000008
stackhi                                  (abs)        000000
stacklo                                  (abs)        000000
start                                    init         00001C
start_initialization                     cinit        000356


MODULE INFORMATION

Module		Function		Class		Link	Load	Size
mcu.c
		_IO_LEDPrintChar		CODE           	018A	0000	146
		_RTCC_Update   		CODE           	02BC	0000	52
		_MCU_Initialize		CODE           	02F0	0000	52
		_RTCC_Enable   		CODE           	0324	0000	50
		_SYSTEM_Process		CODE           	03C4	0000	6
		_OSCILLATOR_Initialize		CODE           	0390	0000	24
		_SYSTEM_Initialize		CODE           	0374	0000	28
		_IO_LEDHello   		CODE           	021C	0000	102
		_MCU_SetOut    		CODE           	0020	0000	362

mcu.c estimated size: 822

isr_manager.c
		_INTERRUPT_GlobalInterruptEnable		CODE           	03B8	0000	12
		_INTERRUPT_InterruptManagerLow		CODE           	0282	0000	58
		_INTERRUPT_InterruptManagerHigh		CODE           	03CA	0000	2

isr_manager.c estimated size: 72

shared
		__initialization		CODE           	0356	0000	20

shared estimated size: 20

main.c
		_main          		CODE           	03A8	0000	16

main.c estimated size: 16

